MPLINK 5.08, LINKER
Linker Map File - Created Wed Aug 24 02:05:31 2016

                                 Section Info
                  Section       Type    Address   Location Size(Bytes)
                ---------  ---------  ---------  ---------  ---------
                   .org_0       code   0x000000    program   0x000002
                   .cinit    romdata   0x000002    program   0x000002
                   .org_1       code   0x000020    program   0x00007a
.config_300000_BUILD/DEFAULT/PRODUCTION/HOLA.O    romdata   0x300000    program   0x000001
.config_300001_BUILD/DEFAULT/PRODUCTION/HOLA.O    romdata   0x300001    program   0x000001
.config_300002_BUILD/DEFAULT/PRODUCTION/HOLA.O    romdata   0x300002    program   0x000001
.config_300003_BUILD/DEFAULT/PRODUCTION/HOLA.O    romdata   0x300003    program   0x000001
.config_300005_BUILD/DEFAULT/PRODUCTION/HOLA.O    romdata   0x300005    program   0x000001
.config_300006_BUILD/DEFAULT/PRODUCTION/HOLA.O    romdata   0x300006    program   0x000001
.config_300008_BUILD/DEFAULT/PRODUCTION/HOLA.O    romdata   0x300008    program   0x000001
.config_300009_BUILD/DEFAULT/PRODUCTION/HOLA.O    romdata   0x300009    program   0x000001
.config_30000A_BUILD/DEFAULT/PRODUCTION/HOLA.O    romdata   0x30000a    program   0x000001
.config_30000B_BUILD/DEFAULT/PRODUCTION/HOLA.O    romdata   0x30000b    program   0x000001
.config_30000C_BUILD/DEFAULT/PRODUCTION/HOLA.O    romdata   0x30000c    program   0x000001
.config_30000D_BUILD/DEFAULT/PRODUCTION/HOLA.O    romdata   0x30000d    program   0x000001



                              Program Memory Usage 
                               Start         End      
                           ---------   ---------      
                            0x000000    0x000003      
                            0x000020    0x000099      
                            0x300000    0x300003      
                            0x300005    0x300006      
                            0x300008    0x30000d      
            138 out of 33048 program addresses used, program memory utilization is 0%



                              Symbols - Sorted by Name
                     Name    Address   Location    Storage File                     
                ---------  ---------  ---------  --------- ---------                
                    CICLO   0x00003a    program     static C:\Users\luiseduardo\Desktop\proyecto\memoria.X\hola.asm
            CONFIGURACION   0x000020    program     static C:\Users\luiseduardo\Desktop\proyecto\memoria.X\hola.asm
                   CONVER   0x00008a    program     static C:\Users\luiseduardo\Desktop\proyecto\memoria.X\hola.asm
                     EST1   0x000058    program     static C:\Users\luiseduardo\Desktop\proyecto\memoria.X\hola.asm
                     EST2   0x00006a    program     static C:\Users\luiseduardo\Desktop\proyecto\memoria.X\hola.asm
                     EST3   0x00007c    program     static C:\Users\luiseduardo\Desktop\proyecto\memoria.X\hola.asm
                  ESTADO1   0x000054    program     static C:\Users\luiseduardo\Desktop\proyecto\memoria.X\hola.asm
                  ESTADO2   0x000066    program     static C:\Users\luiseduardo\Desktop\proyecto\memoria.X\hola.asm
                  ESTADO3   0x000078    program     static C:\Users\luiseduardo\Desktop\proyecto\memoria.X\hola.asm
                   INICIO   0x00002c    program     static C:\Users\luiseduardo\Desktop\proyecto\memoria.X\hola.asm
                   SENSA1   0x00008c    program     static C:\Users\luiseduardo\Desktop\proyecto\memoria.X\hola.asm



                              Symbols - Sorted by Address
                     Name    Address   Location    Storage File                     
                ---------  ---------  ---------  --------- ---------                
            CONFIGURACION   0x000020    program     static C:\Users\luiseduardo\Desktop\proyecto\memoria.X\hola.asm
                   INICIO   0x00002c    program     static C:\Users\luiseduardo\Desktop\proyecto\memoria.X\hola.asm
                    CICLO   0x00003a    program     static C:\Users\luiseduardo\Desktop\proyecto\memoria.X\hola.asm
                  ESTADO1   0x000054    program     static C:\Users\luiseduardo\Desktop\proyecto\memoria.X\hola.asm
                     EST1   0x000058    program     static C:\Users\luiseduardo\Desktop\proyecto\memoria.X\hola.asm
                  ESTADO2   0x000066    program     static C:\Users\luiseduardo\Desktop\proyecto\memoria.X\hola.asm
                     EST2   0x00006a    program     static C:\Users\luiseduardo\Desktop\proyecto\memoria.X\hola.asm
                  ESTADO3   0x000078    program     static C:\Users\luiseduardo\Desktop\proyecto\memoria.X\hola.asm
                     EST3   0x00007c    program     static C:\Users\luiseduardo\Desktop\proyecto\memoria.X\hola.asm
                   CONVER   0x00008a    program     static C:\Users\luiseduardo\Desktop\proyecto\memoria.X\hola.asm
                   SENSA1   0x00008c    program     static C:\Users\luiseduardo\Desktop\proyecto\memoria.X\hola.asm


