MPLINK 5.09, LINKER
Linker Map File - Created Wed Jun 19 07:02:15 2019

                                 Section Info
                  Section       Type    Address   Location Size(Bytes)
                ---------  ---------  ---------  ---------  ---------
                   .org_0       code   0x000000    program   0x00017a
                   .cinit    romdata   0x00017a    program   0x000002
.config_300001_BUILD/DEFAULT/PRODUCTION/MAIN.O    romdata   0x300001    program   0x000001
.config_300002_BUILD/DEFAULT/PRODUCTION/MAIN.O    romdata   0x300002    program   0x000001
.config_300003_BUILD/DEFAULT/PRODUCTION/MAIN.O    romdata   0x300003    program   0x000001
.config_300005_BUILD/DEFAULT/PRODUCTION/MAIN.O    romdata   0x300005    program   0x000001
.config_300006_BUILD/DEFAULT/PRODUCTION/MAIN.O    romdata   0x300006    program   0x000001



                              Program Memory Usage 
                               Start         End      
                           ---------   ---------      
                            0x000000    0x00017b      
                            0x300001    0x300003      
                            0x300005    0x300006      
            385 out of 33048 program addresses used, program memory utilization is 1%



                              Symbols - Sorted by Name
                     Name    Address   Location    Storage File                     
                ---------  ---------  ---------  --------- ---------                
                      ADC   0x00004e    program     static C:\Users\luiseduardo\Desktop\mplab\EJEMPLO_ASM\LCD.X\MAIN.asm
                    Delay   0x000164    program     static C:\Users\luiseduardo\Desktop\mplab\EJEMPLO_ASM\LCD.X\MAIN.asm
                   Inicio   0x00000e    program     static C:\Users\luiseduardo\Desktop\mplab\EJEMPLO_ASM\LCD.X\MAIN.asm
             LCD_Caracter   0x0000f6    program     static C:\Users\luiseduardo\Desktop\mplab\EJEMPLO_ASM\LCD.X\MAIN.asm
              LCD_Comando   0x000108    program     static C:\Users\luiseduardo\Desktop\mplab\EJEMPLO_ASM\LCD.X\MAIN.asm
           LCD_Inicializa   0x0000d0    program     static C:\Users\luiseduardo\Desktop\mplab\EJEMPLO_ASM\LCD.X\MAIN.asm
                 Re_200us   0x000142    program     static C:\Users\luiseduardo\Desktop\mplab\EJEMPLO_ASM\LCD.X\MAIN.asm
                  Re_20ms   0x000122    program     static C:\Users\luiseduardo\Desktop\mplab\EJEMPLO_ASM\LCD.X\MAIN.asm
                   Re_2ms   0x000150    program     static C:\Users\luiseduardo\Desktop\mplab\EJEMPLO_ASM\LCD.X\MAIN.asm
                  Re_50us   0x00015e    program     static C:\Users\luiseduardo\Desktop\mplab\EJEMPLO_ASM\LCD.X\MAIN.asm
                   Re_5ms   0x000134    program     static C:\Users\luiseduardo\Desktop\mplab\EJEMPLO_ASM\LCD.X\MAIN.asm
                 Re_Delay   0x00016c    program     static C:\Users\luiseduardo\Desktop\mplab\EJEMPLO_ASM\LCD.X\MAIN.asm
            Retardo_200us   0x00013e    program     static C:\Users\luiseduardo\Desktop\mplab\EJEMPLO_ASM\LCD.X\MAIN.asm
             Retardo_20ms   0x00011a    program     static C:\Users\luiseduardo\Desktop\mplab\EJEMPLO_ASM\LCD.X\MAIN.asm
              Retardo_2ms   0x000148    program     static C:\Users\luiseduardo\Desktop\mplab\EJEMPLO_ASM\LCD.X\MAIN.asm
             Retardo_50us   0x00015a    program     static C:\Users\luiseduardo\Desktop\mplab\EJEMPLO_ASM\LCD.X\MAIN.asm
              Retardo_5ms   0x00012c    program     static C:\Users\luiseduardo\Desktop\mplab\EJEMPLO_ASM\LCD.X\MAIN.asm
                  Trabajo   0x00005c    program     static C:\Users\luiseduardo\Desktop\mplab\EJEMPLO_ASM\LCD.X\MAIN.asm
                       t1   0x00006e    program     static C:\Users\luiseduardo\Desktop\mplab\EJEMPLO_ASM\LCD.X\MAIN.asm
                       t2   0x000084    program     static C:\Users\luiseduardo\Desktop\mplab\EJEMPLO_ASM\LCD.X\MAIN.asm
                     trab   0x00009a    program     static C:\Users\luiseduardo\Desktop\mplab\EJEMPLO_ASM\LCD.X\MAIN.asm



                              Symbols - Sorted by Address
                     Name    Address   Location    Storage File                     
                ---------  ---------  ---------  --------- ---------                
                   Inicio   0x00000e    program     static C:\Users\luiseduardo\Desktop\mplab\EJEMPLO_ASM\LCD.X\MAIN.asm
                      ADC   0x00004e    program     static C:\Users\luiseduardo\Desktop\mplab\EJEMPLO_ASM\LCD.X\MAIN.asm
                  Trabajo   0x00005c    program     static C:\Users\luiseduardo\Desktop\mplab\EJEMPLO_ASM\LCD.X\MAIN.asm
                       t1   0x00006e    program     static C:\Users\luiseduardo\Desktop\mplab\EJEMPLO_ASM\LCD.X\MAIN.asm
                       t2   0x000084    program     static C:\Users\luiseduardo\Desktop\mplab\EJEMPLO_ASM\LCD.X\MAIN.asm
                     trab   0x00009a    program     static C:\Users\luiseduardo\Desktop\mplab\EJEMPLO_ASM\LCD.X\MAIN.asm
           LCD_Inicializa   0x0000d0    program     static C:\Users\luiseduardo\Desktop\mplab\EJEMPLO_ASM\LCD.X\MAIN.asm
             LCD_Caracter   0x0000f6    program     static C:\Users\luiseduardo\Desktop\mplab\EJEMPLO_ASM\LCD.X\MAIN.asm
              LCD_Comando   0x000108    program     static C:\Users\luiseduardo\Desktop\mplab\EJEMPLO_ASM\LCD.X\MAIN.asm
             Retardo_20ms   0x00011a    program     static C:\Users\luiseduardo\Desktop\mplab\EJEMPLO_ASM\LCD.X\MAIN.asm
                  Re_20ms   0x000122    program     static C:\Users\luiseduardo\Desktop\mplab\EJEMPLO_ASM\LCD.X\MAIN.asm
              Retardo_5ms   0x00012c    program     static C:\Users\luiseduardo\Desktop\mplab\EJEMPLO_ASM\LCD.X\MAIN.asm
                   Re_5ms   0x000134    program     static C:\Users\luiseduardo\Desktop\mplab\EJEMPLO_ASM\LCD.X\MAIN.asm
            Retardo_200us   0x00013e    program     static C:\Users\luiseduardo\Desktop\mplab\EJEMPLO_ASM\LCD.X\MAIN.asm
                 Re_200us   0x000142    program     static C:\Users\luiseduardo\Desktop\mplab\EJEMPLO_ASM\LCD.X\MAIN.asm
              Retardo_2ms   0x000148    program     static C:\Users\luiseduardo\Desktop\mplab\EJEMPLO_ASM\LCD.X\MAIN.asm
                   Re_2ms   0x000150    program     static C:\Users\luiseduardo\Desktop\mplab\EJEMPLO_ASM\LCD.X\MAIN.asm
             Retardo_50us   0x00015a    program     static C:\Users\luiseduardo\Desktop\mplab\EJEMPLO_ASM\LCD.X\MAIN.asm
                  Re_50us   0x00015e    program     static C:\Users\luiseduardo\Desktop\mplab\EJEMPLO_ASM\LCD.X\MAIN.asm
                    Delay   0x000164    program     static C:\Users\luiseduardo\Desktop\mplab\EJEMPLO_ASM\LCD.X\MAIN.asm
                 Re_Delay   0x00016c    program     static C:\Users\luiseduardo\Desktop\mplab\EJEMPLO_ASM\LCD.X\MAIN.asm


