MPLINK 5.08, LINKER
Linker Map File - Created Sun Sep 11 23:22:56 2016

                                 Section Info
                  Section       Type    Address   Location Size(Bytes)
                ---------  ---------  ---------  ---------  ---------
                   .org_0       code   0x000000    program   0x000002
                   .cinit    romdata   0x000001    program   0x000004
                   .org_1       code   0x000004    program   0x0001a0
                   .org_2       code   0x000100    program   0x0000b8
.config_2007_BUILD/DEFAULT/PRODUCTION/PROGRA.       code   0x002007    program   0x000002



                              Program Memory Usage 
                               Start         End      
                           ---------   ---------      
                            0x000000    0x000002      
                            0x000004    0x0000d3      
                            0x000100    0x00015b      
                            0x002007    0x002007      
            304 out of 2182 program addresses used, program memory utilization is 13%



                              Symbols - Sorted by Name
                     Name    Address   Location    Storage File                     
                ---------  ---------  ---------  --------- ---------                
                     BACK   0x000087    program     static C:\Users\luiseduardo\Desktop\proyecto\pic16_lcd.X\progra.asm
                  CONFIGU   0x000005    program     static C:\Users\luiseduardo\Desktop\proyecto\pic16_lcd.X\progra.asm
       CONF_INTERUPCIONES   0x000017    program     static C:\Users\luiseduardo\Desktop\proyecto\pic16_lcd.X\progra.asm
                 CONF_LCD   0x00001b    program     static C:\Users\luiseduardo\Desktop\proyecto\pic16_lcd.X\progra.asm
               CONF_USART   0x000028    program     static C:\Users\luiseduardo\Desktop\proyecto\pic16_lcd.X\progra.asm
                 ENV_BYTE   0x0000b9    program     static C:\Users\luiseduardo\Desktop\proyecto\pic16_lcd.X\LIBRERIA.INC
                  ENV_CAR   0x0000b6    program     static C:\Users\luiseduardo\Desktop\proyecto\pic16_lcd.X\LIBRERIA.INC
                  ENV_CMD   0x0000b3    program     static C:\Users\luiseduardo\Desktop\proyecto\pic16_lcd.X\LIBRERIA.INC
                   INICIO   0x000042    program     static C:\Users\luiseduardo\Desktop\proyecto\pic16_lcd.X\progra.asm
             INTERRUPCION   0x000044    program     static C:\Users\luiseduardo\Desktop\proyecto\pic16_lcd.X\progra.asm
                       L1   0x0000cd    program     static C:\Users\luiseduardo\Desktop\proyecto\pic16_lcd.X\LIBRERIA.INC
                       L2   0x0000c7    program     static C:\Users\luiseduardo\Desktop\proyecto\pic16_lcd.X\LIBRERIA.INC
                     LEFT   0x000099    program     static C:\Users\luiseduardo\Desktop\proyecto\pic16_lcd.X\progra.asm
                       M1   0x000037    program     static C:\Users\luiseduardo\Desktop\proyecto\pic16_lcd.X\progra.asm
                       M2   0x000061    program     static C:\Users\luiseduardo\Desktop\proyecto\pic16_lcd.X\progra.asm
                       M3   0x000073    program     static C:\Users\luiseduardo\Desktop\proyecto\pic16_lcd.X\progra.asm
                       M4   0x00008e    program     static C:\Users\luiseduardo\Desktop\proyecto\pic16_lcd.X\progra.asm
                 MEN_BACK   0x000149    program     static C:\Users\luiseduardo\Desktop\proyecto\pic16_lcd.X\progra.asm
               MEN_INICIO   0x000100    program     static C:\Users\luiseduardo\Desktop\proyecto\pic16_lcd.X\progra.asm
                  MEN_RUN   0x000113    program     static C:\Users\luiseduardo\Desktop\proyecto\pic16_lcd.X\progra.asm
                 MEN_STOP   0x000126    program     static C:\Users\luiseduardo\Desktop\proyecto\pic16_lcd.X\progra.asm
                    MILIS   0x0000c6    program     static C:\Users\luiseduardo\Desktop\proyecto\pic16_lcd.X\LIBRERIA.INC
                    RIGHT   0x0000a6    program     static C:\Users\luiseduardo\Desktop\proyecto\pic16_lcd.X\progra.asm
                      RUN   0x00005a    program     static C:\Users\luiseduardo\Desktop\proyecto\pic16_lcd.X\progra.asm
                       S1   0x0000a0    program     static C:\Users\luiseduardo\Desktop\proyecto\pic16_lcd.X\progra.asm
                       S2   0x0000a3    program     static C:\Users\luiseduardo\Desktop\proyecto\pic16_lcd.X\progra.asm
                       S3   0x0000ad    program     static C:\Users\luiseduardo\Desktop\proyecto\pic16_lcd.X\progra.asm
                       S4   0x0000b0    program     static C:\Users\luiseduardo\Desktop\proyecto\pic16_lcd.X\progra.asm
                     STOP   0x00006c    program     static C:\Users\luiseduardo\Desktop\proyecto\pic16_lcd.X\progra.asm
                      T1M   0x0000cb    program     static C:\Users\luiseduardo\Desktop\proyecto\pic16_lcd.X\LIBRERIA.INC



                              Symbols - Sorted by Address
                     Name    Address   Location    Storage File                     
                ---------  ---------  ---------  --------- ---------                
                  CONFIGU   0x000005    program     static C:\Users\luiseduardo\Desktop\proyecto\pic16_lcd.X\progra.asm
       CONF_INTERUPCIONES   0x000017    program     static C:\Users\luiseduardo\Desktop\proyecto\pic16_lcd.X\progra.asm
                 CONF_LCD   0x00001b    program     static C:\Users\luiseduardo\Desktop\proyecto\pic16_lcd.X\progra.asm
               CONF_USART   0x000028    program     static C:\Users\luiseduardo\Desktop\proyecto\pic16_lcd.X\progra.asm
                       M1   0x000037    program     static C:\Users\luiseduardo\Desktop\proyecto\pic16_lcd.X\progra.asm
                   INICIO   0x000042    program     static C:\Users\luiseduardo\Desktop\proyecto\pic16_lcd.X\progra.asm
             INTERRUPCION   0x000044    program     static C:\Users\luiseduardo\Desktop\proyecto\pic16_lcd.X\progra.asm
                      RUN   0x00005a    program     static C:\Users\luiseduardo\Desktop\proyecto\pic16_lcd.X\progra.asm
                       M2   0x000061    program     static C:\Users\luiseduardo\Desktop\proyecto\pic16_lcd.X\progra.asm
                     STOP   0x00006c    program     static C:\Users\luiseduardo\Desktop\proyecto\pic16_lcd.X\progra.asm
                       M3   0x000073    program     static C:\Users\luiseduardo\Desktop\proyecto\pic16_lcd.X\progra.asm
                     BACK   0x000087    program     static C:\Users\luiseduardo\Desktop\proyecto\pic16_lcd.X\progra.asm
                       M4   0x00008e    program     static C:\Users\luiseduardo\Desktop\proyecto\pic16_lcd.X\progra.asm
                     LEFT   0x000099    program     static C:\Users\luiseduardo\Desktop\proyecto\pic16_lcd.X\progra.asm
                       S1   0x0000a0    program     static C:\Users\luiseduardo\Desktop\proyecto\pic16_lcd.X\progra.asm
                       S2   0x0000a3    program     static C:\Users\luiseduardo\Desktop\proyecto\pic16_lcd.X\progra.asm
                    RIGHT   0x0000a6    program     static C:\Users\luiseduardo\Desktop\proyecto\pic16_lcd.X\progra.asm
                       S3   0x0000ad    program     static C:\Users\luiseduardo\Desktop\proyecto\pic16_lcd.X\progra.asm
                       S4   0x0000b0    program     static C:\Users\luiseduardo\Desktop\proyecto\pic16_lcd.X\progra.asm
                  ENV_CMD   0x0000b3    program     static C:\Users\luiseduardo\Desktop\proyecto\pic16_lcd.X\LIBRERIA.INC
                  ENV_CAR   0x0000b6    program     static C:\Users\luiseduardo\Desktop\proyecto\pic16_lcd.X\LIBRERIA.INC
                 ENV_BYTE   0x0000b9    program     static C:\Users\luiseduardo\Desktop\proyecto\pic16_lcd.X\LIBRERIA.INC
                    MILIS   0x0000c6    program     static C:\Users\luiseduardo\Desktop\proyecto\pic16_lcd.X\LIBRERIA.INC
                       L2   0x0000c7    program     static C:\Users\luiseduardo\Desktop\proyecto\pic16_lcd.X\LIBRERIA.INC
                      T1M   0x0000cb    program     static C:\Users\luiseduardo\Desktop\proyecto\pic16_lcd.X\LIBRERIA.INC
                       L1   0x0000cd    program     static C:\Users\luiseduardo\Desktop\proyecto\pic16_lcd.X\LIBRERIA.INC
               MEN_INICIO   0x000100    program     static C:\Users\luiseduardo\Desktop\proyecto\pic16_lcd.X\progra.asm
                  MEN_RUN   0x000113    program     static C:\Users\luiseduardo\Desktop\proyecto\pic16_lcd.X\progra.asm
                 MEN_STOP   0x000126    program     static C:\Users\luiseduardo\Desktop\proyecto\pic16_lcd.X\progra.asm
                 MEN_BACK   0x000149    program     static C:\Users\luiseduardo\Desktop\proyecto\pic16_lcd.X\progra.asm


